---
http_interactions:
# TIMEOUT CYCLE 1
- request:
    method: get
    uri: https://horizon-testnet.stellar.bloomx.org/
    body:
      encoding: US-ASCII
      string: ''
    headers:
      User-Agent:
      - Faraday v0.15.4
      Accept:
      - application/hal+json,application/problem+json,application/json
  response:
    status:
      code: 200
      message: OK
    headers:
      Cache-Control:
      - no-cache, no-store, max-age=0
      Content-Disposition:
      - inline
      Content-Type:
      - application/hal+json; charset=utf-8
      Date:
      - Tue, 11 Dec 2018 12:46:23 GMT
      Vary:
      - Origin
      X-Ratelimit-Limit:
      - '1576000'
      X-Ratelimit-Remaining:
      - '1575926'
      X-Ratelimit-Reset:
      - '2526'
      Content-Length:
      - '1466'
    body:
      encoding: ASCII-8BIT
      string: |-
        {
          "_links": {
            "account": {
              "href": "https://horizon-testnet.stellar.bloomx.org:443/accounts/{account_id}",
              "templated": true
            },
            "account_transactions": {
              "href": "https://horizon-testnet.stellar.bloomx.org:443/accounts/{account_id}/transactions{?cursor,limit,order}",
              "templated": true
            },
            "assets": {
              "href": "https://horizon-testnet.stellar.bloomx.org:443/assets{?asset_code,asset_issuer,cursor,limit,order}",
              "templated": true
            },
            "metrics": {
              "href": "https://horizon-testnet.stellar.bloomx.org:443/metrics"
            },
            "order_book": {
              "href": "https://horizon-testnet.stellar.bloomx.org:443/order_book{?selling_asset_type,selling_asset_code,selling_asset_issuer,buying_asset_type,buying_asset_code,buying_asset_issuer,limit}",
              "templated": true
            },
            "self": {
              "href": "https://horizon-testnet.stellar.bloomx.org:443/"
            },
            "transaction": {
              "href": "https://horizon-testnet.stellar.bloomx.org:443/transactions/{hash}",
              "templated": true
            },
            "transactions": {
              "href": "https://horizon-testnet.stellar.bloomx.org:443/transactions{?cursor,limit,order}",
              "templated": true
            }
          },
          "horizon_version": "v0.14.2",
          "core_version": "v10.0.0",
          "history_latest_ledger": 1137570,
          "history_elder_ledger": 1128571,
          "core_latest_ledger": 1137570,
          "network_passphrase": "Test SDF Network ; September 2015",
          "protocol_version": 10
        }
    http_version: 
  recorded_at: Tue, 11 Dec 2018 12:46:25 GMT
- request:
    method: get
    uri: https://horizon-testnet.stellar.bloomx.org/accounts/GCROLND2Z35J4LJU7OZQFY75UNGL6PZ37DEEBXZZNJGCVWQKIXL2CKM4
    body:
      encoding: US-ASCII
      string: ''
    headers:
      User-Agent:
      - Faraday v0.15.4
      Accept:
      - application/hal+json,application/problem+json,application/json
  response:
    status:
      code: 200
      message: OK
    headers:
      Cache-Control:
      - no-cache, no-store, max-age=0
      Content-Disposition:
      - inline
      Content-Type:
      - application/hal+json; charset=utf-8
      Date:
      - Tue, 11 Dec 2018 12:46:27 GMT
      Vary:
      - Origin
      X-Ratelimit-Limit:
      - '1576000'
      X-Ratelimit-Remaining:
      - '1575925'
      X-Ratelimit-Reset:
      - '2523'
    body:
      encoding: ASCII-8BIT
      string: |-
        {
          "_links": {
            "self": {
              "href": "https://horizon-testnet.stellar.bloomx.org:443/accounts/GCROLND2Z35J4LJU7OZQFY75UNGL6PZ37DEEBXZZNJGCVWQKIXL2CKM4"
            },
            "transactions": {
              "href": "https://horizon-testnet.stellar.bloomx.org:443/accounts/GCROLND2Z35J4LJU7OZQFY75UNGL6PZ37DEEBXZZNJGCVWQKIXL2CKM4/transactions{?cursor,limit,order}",
              "templated": true
            },
            "operations": {
              "href": "https://horizon-testnet.stellar.bloomx.org:443/accounts/GCROLND2Z35J4LJU7OZQFY75UNGL6PZ37DEEBXZZNJGCVWQKIXL2CKM4/operations{?cursor,limit,order}",
              "templated": true
            },
            "payments": {
              "href": "https://horizon-testnet.stellar.bloomx.org:443/accounts/GCROLND2Z35J4LJU7OZQFY75UNGL6PZ37DEEBXZZNJGCVWQKIXL2CKM4/payments{?cursor,limit,order}",
              "templated": true
            },
            "effects": {
              "href": "https://horizon-testnet.stellar.bloomx.org:443/accounts/GCROLND2Z35J4LJU7OZQFY75UNGL6PZ37DEEBXZZNJGCVWQKIXL2CKM4/effects{?cursor,limit,order}",
              "templated": true
            },
            "offers": {
              "href": "https://horizon-testnet.stellar.bloomx.org:443/accounts/GCROLND2Z35J4LJU7OZQFY75UNGL6PZ37DEEBXZZNJGCVWQKIXL2CKM4/offers{?cursor,limit,order}",
              "templated": true
            },
            "trades": {
              "href": "https://horizon-testnet.stellar.bloomx.org:443/accounts/GCROLND2Z35J4LJU7OZQFY75UNGL6PZ37DEEBXZZNJGCVWQKIXL2CKM4/trades{?cursor,limit,order}",
              "templated": true
            },
            "data": {
              "href": "https://horizon-testnet.stellar.bloomx.org:443/accounts/GCROLND2Z35J4LJU7OZQFY75UNGL6PZ37DEEBXZZNJGCVWQKIXL2CKM4/data/{key}",
              "templated": true
            }
          },
          "id": "GCROLND2Z35J4LJU7OZQFY75UNGL6PZ37DEEBXZZNJGCVWQKIXL2CKM4",
          "paging_token": "",
          "account_id": "GCROLND2Z35J4LJU7OZQFY75UNGL6PZ37DEEBXZZNJGCVWQKIXL2CKM4",
          "sequence": "927777360445610",
          "subentry_count": 0,
          "thresholds": {
            "low_threshold": 0,
            "med_threshold": 0,
            "high_threshold": 0
          },
          "flags": {
            "auth_required": false,
            "auth_revocable": false
          },
          "balances": [
            {
              "balance": "9.9983000",
              "buying_liabilities": "0.0000000",
              "selling_liabilities": "0.0000000",
              "asset_type": "native"
            }
          ],
          "signers": [
            {
              "public_key": "GCROLND2Z35J4LJU7OZQFY75UNGL6PZ37DEEBXZZNJGCVWQKIXL2CKM4",
              "weight": 1,
              "key": "GCROLND2Z35J4LJU7OZQFY75UNGL6PZ37DEEBXZZNJGCVWQKIXL2CKM4",
              "type": "ed25519_public_key"
            }
          ],
          "data": {}
        }
    http_version: 
  recorded_at: Tue, 11 Dec 2018 12:46:27 GMT
- request:
    method: post
    uri: https://horizon-testnet.stellar.bloomx.org/transactions
    body:
      encoding: UTF-8
      string: tx=AAAAAKLltHrO%2Bp4tNPuzAuP9o0y%2FPzv4yEDfOWpMKtoKRdehAAAAZAADS88AAACrAAAAAAAAAAAAAAABAAAAAQAAAACGvOPidZMfElREjF54soYzY%2BQVvuzxwMlXx6D0WAcagQAAAAEAAAAAS3ffbP2mP6kVK4I5Okx5xKL5y56p0uR637pbLDXh1qwAAAAAAAAAAACYloAAAAAAAAAAAgpF16EAAABAwR6E0y41iwAdmBrLrbGyEBwrlADSgsH5maHpBLUT0Ht0NdssS65rPwxY7FJR2AxSc%2FoqPxfARPHZIp5rD4X5BVgHGoEAAABAi%2FUJgdrfvpn7t1RAPSHAEEgOL9dti9Eg1jPeeCjiDK4inasymFq0Kp016PyPoo7qsTU8bqLhjtfsyR6TG7MmAw%3D%3D
    headers:
      User-Agent:
      - Faraday v0.15.4
      Accept:
      - application/hal+json,application/problem+json,application/json
      Content-Type:
      - application/x-www-form-urlencoded
  response:
    status:
      code: 504
    headers:
      Cache-Control:
      - no-cache, no-store, max-age=0
      Content-Disposition:
      - inline
      Content-Type:
      - application/hal+json; charset=utf-8
      Date:
      - Tue, 11 Dec 2018 12:46:33 GMT
      Vary:
      - Origin
      X-Ratelimit-Limit:
      - '1576000'
      X-Ratelimit-Remaining:
      - '1575924'
      X-Ratelimit-Reset:
      - '2521'
      Content-Length:
      - '1599'
    body:
      encoding: ASCII-8BIT
      string: |-
        {
          "type": "https://stellar.org/horizon-errors/timeout",
          "title": "Timeout",
          "status": 504,
          "detail": "Your request timed out before completing. Please try your request again. If you are submitting a transaction make sure you are sending exactly the same transaction (with the same sequence number)."
        }
    http_version: 
  recorded_at: Tue, 11 Dec 2018 12:46:33 GMT

# TIMEOUT CYCLE 2
- request:
    method: get
    uri: https://horizon-testnet.stellar.bloomx.org/
    body:
      encoding: US-ASCII
      string: ''
    headers:
      User-Agent:
      - Faraday v0.15.4
      Accept:
      - application/hal+json,application/problem+json,application/json
  response:
    status:
      code: 200
      message: OK
    headers:
      Cache-Control:
      - no-cache, no-store, max-age=0
      Content-Disposition:
      - inline
      Content-Type:
      - application/hal+json; charset=utf-8
      Date:
      - Tue, 11 Dec 2018 12:46:23 GMT
      Vary:
      - Origin
      X-Ratelimit-Limit:
      - '1576000'
      X-Ratelimit-Remaining:
      - '1575926'
      X-Ratelimit-Reset:
      - '2526'
      Content-Length:
      - '1466'
    body:
      encoding: ASCII-8BIT
      string: |-
        {
          "_links": {
            "account": {
              "href": "https://horizon-testnet.stellar.bloomx.org:443/accounts/{account_id}",
              "templated": true
            },
            "account_transactions": {
              "href": "https://horizon-testnet.stellar.bloomx.org:443/accounts/{account_id}/transactions{?cursor,limit,order}",
              "templated": true
            },
            "assets": {
              "href": "https://horizon-testnet.stellar.bloomx.org:443/assets{?asset_code,asset_issuer,cursor,limit,order}",
              "templated": true
            },
            "metrics": {
              "href": "https://horizon-testnet.stellar.bloomx.org:443/metrics"
            },
            "order_book": {
              "href": "https://horizon-testnet.stellar.bloomx.org:443/order_book{?selling_asset_type,selling_asset_code,selling_asset_issuer,buying_asset_type,buying_asset_code,buying_asset_issuer,limit}",
              "templated": true
            },
            "self": {
              "href": "https://horizon-testnet.stellar.bloomx.org:443/"
            },
            "transaction": {
              "href": "https://horizon-testnet.stellar.bloomx.org:443/transactions/{hash}",
              "templated": true
            },
            "transactions": {
              "href": "https://horizon-testnet.stellar.bloomx.org:443/transactions{?cursor,limit,order}",
              "templated": true
            }
          },
          "horizon_version": "v0.14.2",
          "core_version": "v10.0.0",
          "history_latest_ledger": 1137570,
          "history_elder_ledger": 1128571,
          "core_latest_ledger": 1137570,
          "network_passphrase": "Test SDF Network ; September 2015",
          "protocol_version": 10
        }
    http_version: 
  recorded_at: Tue, 11 Dec 2018 12:46:25 GMT
- request:
    method: get
    uri: https://horizon-testnet.stellar.bloomx.org/accounts/GCROLND2Z35J4LJU7OZQFY75UNGL6PZ37DEEBXZZNJGCVWQKIXL2CKM4
    body:
      encoding: US-ASCII
      string: ''
    headers:
      User-Agent:
      - Faraday v0.15.4
      Accept:
      - application/hal+json,application/problem+json,application/json
  response:
    status:
      code: 200
      message: OK
    headers:
      Cache-Control:
      - no-cache, no-store, max-age=0
      Content-Disposition:
      - inline
      Content-Type:
      - application/hal+json; charset=utf-8
      Date:
      - Tue, 11 Dec 2018 12:46:27 GMT
      Vary:
      - Origin
      X-Ratelimit-Limit:
      - '1576000'
      X-Ratelimit-Remaining:
      - '1575925'
      X-Ratelimit-Reset:
      - '2523'
    body:
      encoding: ASCII-8BIT
      string: |-
        {
          "_links": {
            "self": {
              "href": "https://horizon-testnet.stellar.bloomx.org:443/accounts/GCROLND2Z35J4LJU7OZQFY75UNGL6PZ37DEEBXZZNJGCVWQKIXL2CKM4"
            },
            "transactions": {
              "href": "https://horizon-testnet.stellar.bloomx.org:443/accounts/GCROLND2Z35J4LJU7OZQFY75UNGL6PZ37DEEBXZZNJGCVWQKIXL2CKM4/transactions{?cursor,limit,order}",
              "templated": true
            },
            "operations": {
              "href": "https://horizon-testnet.stellar.bloomx.org:443/accounts/GCROLND2Z35J4LJU7OZQFY75UNGL6PZ37DEEBXZZNJGCVWQKIXL2CKM4/operations{?cursor,limit,order}",
              "templated": true
            },
            "payments": {
              "href": "https://horizon-testnet.stellar.bloomx.org:443/accounts/GCROLND2Z35J4LJU7OZQFY75UNGL6PZ37DEEBXZZNJGCVWQKIXL2CKM4/payments{?cursor,limit,order}",
              "templated": true
            },
            "effects": {
              "href": "https://horizon-testnet.stellar.bloomx.org:443/accounts/GCROLND2Z35J4LJU7OZQFY75UNGL6PZ37DEEBXZZNJGCVWQKIXL2CKM4/effects{?cursor,limit,order}",
              "templated": true
            },
            "offers": {
              "href": "https://horizon-testnet.stellar.bloomx.org:443/accounts/GCROLND2Z35J4LJU7OZQFY75UNGL6PZ37DEEBXZZNJGCVWQKIXL2CKM4/offers{?cursor,limit,order}",
              "templated": true
            },
            "trades": {
              "href": "https://horizon-testnet.stellar.bloomx.org:443/accounts/GCROLND2Z35J4LJU7OZQFY75UNGL6PZ37DEEBXZZNJGCVWQKIXL2CKM4/trades{?cursor,limit,order}",
              "templated": true
            },
            "data": {
              "href": "https://horizon-testnet.stellar.bloomx.org:443/accounts/GCROLND2Z35J4LJU7OZQFY75UNGL6PZ37DEEBXZZNJGCVWQKIXL2CKM4/data/{key}",
              "templated": true
            }
          },
          "id": "GCROLND2Z35J4LJU7OZQFY75UNGL6PZ37DEEBXZZNJGCVWQKIXL2CKM4",
          "paging_token": "",
          "account_id": "GCROLND2Z35J4LJU7OZQFY75UNGL6PZ37DEEBXZZNJGCVWQKIXL2CKM4",
          "sequence": "927777360445610",
          "subentry_count": 0,
          "thresholds": {
            "low_threshold": 0,
            "med_threshold": 0,
            "high_threshold": 0
          },
          "flags": {
            "auth_required": false,
            "auth_revocable": false
          },
          "balances": [
            {
              "balance": "9.9983000",
              "buying_liabilities": "0.0000000",
              "selling_liabilities": "0.0000000",
              "asset_type": "native"
            }
          ],
          "signers": [
            {
              "public_key": "GCROLND2Z35J4LJU7OZQFY75UNGL6PZ37DEEBXZZNJGCVWQKIXL2CKM4",
              "weight": 1,
              "key": "GCROLND2Z35J4LJU7OZQFY75UNGL6PZ37DEEBXZZNJGCVWQKIXL2CKM4",
              "type": "ed25519_public_key"
            }
          ],
          "data": {}
        }
    http_version: 
  recorded_at: Tue, 11 Dec 2018 12:46:27 GMT
- request:
    method: post
    uri: https://horizon-testnet.stellar.bloomx.org/transactions
    body:
      encoding: UTF-8
      string: tx=AAAAAKLltHrO%2Bp4tNPuzAuP9o0y%2FPzv4yEDfOWpMKtoKRdehAAAAZAADS88AAACrAAAAAAAAAAAAAAABAAAAAQAAAACGvOPidZMfElREjF54soYzY%2BQVvuzxwMlXx6D0WAcagQAAAAEAAAAAS3ffbP2mP6kVK4I5Okx5xKL5y56p0uR637pbLDXh1qwAAAAAAAAAAACYloAAAAAAAAAAAgpF16EAAABAwR6E0y41iwAdmBrLrbGyEBwrlADSgsH5maHpBLUT0Ht0NdssS65rPwxY7FJR2AxSc%2FoqPxfARPHZIp5rD4X5BVgHGoEAAABAi%2FUJgdrfvpn7t1RAPSHAEEgOL9dti9Eg1jPeeCjiDK4inasymFq0Kp016PyPoo7qsTU8bqLhjtfsyR6TG7MmAw%3D%3D
    headers:
      User-Agent:
      - Faraday v0.15.4
      Accept:
      - application/hal+json,application/problem+json,application/json
      Content-Type:
      - application/x-www-form-urlencoded
  response:
    status:
      code: 504
    headers:
      Cache-Control:
      - no-cache, no-store, max-age=0
      Content-Disposition:
      - inline
      Content-Type:
      - application/hal+json; charset=utf-8
      Date:
      - Tue, 11 Dec 2018 12:46:33 GMT
      Vary:
      - Origin
      X-Ratelimit-Limit:
      - '1576000'
      X-Ratelimit-Remaining:
      - '1575924'
      X-Ratelimit-Reset:
      - '2521'
      Content-Length:
      - '1599'
    body:
      encoding: ASCII-8BIT
      string: |-
        {
          "type": "https://stellar.org/horizon-errors/timeout",
          "title": "Timeout",
          "status": 504,
          "detail": "Your request timed out before completing. Please try your request again. If you are submitting a transaction make sure you are sending exactly the same transaction (with the same sequence number)."
        }
    http_version: 
  recorded_at: Tue, 11 Dec 2018 12:46:33 GMT

# SUCCESS CYCLE (LAST)

- request:
    method: get
    uri: https://horizon-testnet.stellar.bloomx.org/
    body:
      encoding: US-ASCII
      string: ''
    headers:
      User-Agent:
      - Faraday v0.15.4
      Accept:
      - application/hal+json,application/problem+json,application/json
  response:
    status:
      code: 200
      message: OK
    headers:
      Cache-Control:
      - no-cache, no-store, max-age=0
      Content-Disposition:
      - inline
      Content-Type:
      - application/hal+json; charset=utf-8
      Date:
      - Tue, 11 Dec 2018 12:46:23 GMT
      Vary:
      - Origin
      X-Ratelimit-Limit:
      - '1576000'
      X-Ratelimit-Remaining:
      - '1575926'
      X-Ratelimit-Reset:
      - '2526'
      Content-Length:
      - '1466'
    body:
      encoding: ASCII-8BIT
      string: |-
        {
          "_links": {
            "account": {
              "href": "https://horizon-testnet.stellar.bloomx.org:443/accounts/{account_id}",
              "templated": true
            },
            "account_transactions": {
              "href": "https://horizon-testnet.stellar.bloomx.org:443/accounts/{account_id}/transactions{?cursor,limit,order}",
              "templated": true
            },
            "assets": {
              "href": "https://horizon-testnet.stellar.bloomx.org:443/assets{?asset_code,asset_issuer,cursor,limit,order}",
              "templated": true
            },
            "metrics": {
              "href": "https://horizon-testnet.stellar.bloomx.org:443/metrics"
            },
            "order_book": {
              "href": "https://horizon-testnet.stellar.bloomx.org:443/order_book{?selling_asset_type,selling_asset_code,selling_asset_issuer,buying_asset_type,buying_asset_code,buying_asset_issuer,limit}",
              "templated": true
            },
            "self": {
              "href": "https://horizon-testnet.stellar.bloomx.org:443/"
            },
            "transaction": {
              "href": "https://horizon-testnet.stellar.bloomx.org:443/transactions/{hash}",
              "templated": true
            },
            "transactions": {
              "href": "https://horizon-testnet.stellar.bloomx.org:443/transactions{?cursor,limit,order}",
              "templated": true
            }
          },
          "horizon_version": "v0.14.2",
          "core_version": "v10.0.0",
          "history_latest_ledger": 1137570,
          "history_elder_ledger": 1128571,
          "core_latest_ledger": 1137570,
          "network_passphrase": "Test SDF Network ; September 2015",
          "protocol_version": 10
        }
    http_version: 
  recorded_at: Tue, 11 Dec 2018 12:46:25 GMT
- request:
    method: get
    uri: https://horizon-testnet.stellar.bloomx.org/accounts/GCROLND2Z35J4LJU7OZQFY75UNGL6PZ37DEEBXZZNJGCVWQKIXL2CKM4
    body:
      encoding: US-ASCII
      string: ''
    headers:
      User-Agent:
      - Faraday v0.15.4
      Accept:
      - application/hal+json,application/problem+json,application/json
  response:
    status:
      code: 200
      message: OK
    headers:
      Cache-Control:
      - no-cache, no-store, max-age=0
      Content-Disposition:
      - inline
      Content-Type:
      - application/hal+json; charset=utf-8
      Date:
      - Tue, 11 Dec 2018 12:46:35 GMT
      Vary:
      - Origin
      X-Ratelimit-Limit:
      - '1576000'
      X-Ratelimit-Remaining:
      - '1575925'
      X-Ratelimit-Reset:
      - '2523'
    body:
      encoding: ASCII-8BIT
      string: |-
        {
          "_links": {
            "self": {
              "href": "https://horizon-testnet.stellar.bloomx.org:443/accounts/GCROLND2Z35J4LJU7OZQFY75UNGL6PZ37DEEBXZZNJGCVWQKIXL2CKM4"
            },
            "transactions": {
              "href": "https://horizon-testnet.stellar.bloomx.org:443/accounts/GCROLND2Z35J4LJU7OZQFY75UNGL6PZ37DEEBXZZNJGCVWQKIXL2CKM4/transactions{?cursor,limit,order}",
              "templated": true
            },
            "operations": {
              "href": "https://horizon-testnet.stellar.bloomx.org:443/accounts/GCROLND2Z35J4LJU7OZQFY75UNGL6PZ37DEEBXZZNJGCVWQKIXL2CKM4/operations{?cursor,limit,order}",
              "templated": true
            },
            "payments": {
              "href": "https://horizon-testnet.stellar.bloomx.org:443/accounts/GCROLND2Z35J4LJU7OZQFY75UNGL6PZ37DEEBXZZNJGCVWQKIXL2CKM4/payments{?cursor,limit,order}",
              "templated": true
            },
            "effects": {
              "href": "https://horizon-testnet.stellar.bloomx.org:443/accounts/GCROLND2Z35J4LJU7OZQFY75UNGL6PZ37DEEBXZZNJGCVWQKIXL2CKM4/effects{?cursor,limit,order}",
              "templated": true
            },
            "offers": {
              "href": "https://horizon-testnet.stellar.bloomx.org:443/accounts/GCROLND2Z35J4LJU7OZQFY75UNGL6PZ37DEEBXZZNJGCVWQKIXL2CKM4/offers{?cursor,limit,order}",
              "templated": true
            },
            "trades": {
              "href": "https://horizon-testnet.stellar.bloomx.org:443/accounts/GCROLND2Z35J4LJU7OZQFY75UNGL6PZ37DEEBXZZNJGCVWQKIXL2CKM4/trades{?cursor,limit,order}",
              "templated": true
            },
            "data": {
              "href": "https://horizon-testnet.stellar.bloomx.org:443/accounts/GCROLND2Z35J4LJU7OZQFY75UNGL6PZ37DEEBXZZNJGCVWQKIXL2CKM4/data/{key}",
              "templated": true
            }
          },
          "id": "GCROLND2Z35J4LJU7OZQFY75UNGL6PZ37DEEBXZZNJGCVWQKIXL2CKM4",
          "paging_token": "",
          "account_id": "GCROLND2Z35J4LJU7OZQFY75UNGL6PZ37DEEBXZZNJGCVWQKIXL2CKM4",
          "sequence": "927777360445610",
          "subentry_count": 0,
          "thresholds": {
            "low_threshold": 0,
            "med_threshold": 0,
            "high_threshold": 0
          },
          "flags": {
            "auth_required": false,
            "auth_revocable": false
          },
          "balances": [
            {
              "balance": "9.9983000",
              "buying_liabilities": "0.0000000",
              "selling_liabilities": "0.0000000",
              "asset_type": "native"
            }
          ],
          "signers": [
            {
              "public_key": "GCROLND2Z35J4LJU7OZQFY75UNGL6PZ37DEEBXZZNJGCVWQKIXL2CKM4",
              "weight": 1,
              "key": "GCROLND2Z35J4LJU7OZQFY75UNGL6PZ37DEEBXZZNJGCVWQKIXL2CKM4",
              "type": "ed25519_public_key"
            }
          ],
          "data": {}
        }
    http_version: 
  recorded_at: Tue, 11 Dec 2018 12:46:36 GMT
- request:
    method: post
    uri: https://horizon-testnet.stellar.bloomx.org/transactions
    body:
      encoding: UTF-8
      string: tx=AAAAAKLltHrO%2Bp4tNPuzAuP9o0y%2FPzv4yEDfOWpMKtoKRdehAAAAZAADS88AAACrAAAAAAAAAAAAAAABAAAAAQAAAACGvOPidZMfElREjF54soYzY%2BQVvuzxwMlXx6D0WAcagQAAAAEAAAAAS3ffbP2mP6kVK4I5Okx5xKL5y56p0uR637pbLDXh1qwAAAAAAAAAAACYloAAAAAAAAAAAgpF16EAAABAwR6E0y41iwAdmBrLrbGyEBwrlADSgsH5maHpBLUT0Ht0NdssS65rPwxY7FJR2AxSc%2FoqPxfARPHZIp5rD4X5BVgHGoEAAABAi%2FUJgdrfvpn7t1RAPSHAEEgOL9dti9Eg1jPeeCjiDK4inasymFq0Kp016PyPoo7qsTU8bqLhjtfsyR6TG7MmAw%3D%3D
    headers:
      User-Agent:
      - Faraday v0.15.4
      Accept:
      - application/hal+json,application/problem+json,application/json
      Content-Type:
      - application/x-www-form-urlencoded
  response:
    status:
      code: 200
      message: OK
    headers:
      Cache-Control:
      - no-cache, no-store, max-age=0
      Content-Disposition:
      - inline
      Content-Type:
      - application/hal+json; charset=utf-8
      Date:
      - Tue, 11 Dec 2018 12:46:37 GMT
      Vary:
      - Origin
      X-Ratelimit-Limit:
      - '1576000'
      X-Ratelimit-Remaining:
      - '1575924'
      X-Ratelimit-Reset:
      - '2521'
      Content-Length:
      - '1599'
    body:
      encoding: ASCII-8BIT
      string: |-
        {
          "_links": {
            "transaction": {
              "href": "https://horizon-testnet.stellar.bloomx.org:443/transactions/28cbc64f0acc96b95425f322a6c990932fdc28a13e225f788bc1839a2aa8a0a6"
            }
          },
          "hash": "28cbc64f0acc96b95425f322a6c990932fdc28a13e225f788bc1839a2aa8a0a6",
          "ledger": 1137573,
          "envelope_xdr": "AAAAAKLltHrO+p4tNPuzAuP9o0y/Pzv4yEDfOWpMKtoKRdehAAAAZAADS88AAACrAAAAAAAAAAAAAAABAAAAAQAAAACGvOPidZMfElREjF54soYzY+QVvuzxwMlXx6D0WAcagQAAAAEAAAAAS3ffbP2mP6kVK4I5Okx5xKL5y56p0uR637pbLDXh1qwAAAAAAAAAAACYloAAAAAAAAAAAgpF16EAAABAwR6E0y41iwAdmBrLrbGyEBwrlADSgsH5maHpBLUT0Ht0NdssS65rPwxY7FJR2AxSc/oqPxfARPHZIp5rD4X5BVgHGoEAAABAi/UJgdrfvpn7t1RAPSHAEEgOL9dti9Eg1jPeeCjiDK4inasymFq0Kp016PyPoo7qsTU8bqLhjtfsyR6TG7MmAw==",
          "result_xdr": "AAAAAAAAAGQAAAAAAAAAAQAAAAAAAAABAAAAAAAAAAA=",
          "result_meta_xdr": "AAAAAQAAAAIAAAADABFbpQAAAAAAAAAAouW0es76ni00+7MC4/2jTL8/O/jIQN85akwq2gpF16EAAAAABfWeNAADS88AAACqAAAAAAAAAAAAAAAAAAAAAAEAAAAAAAAAAAAAAAAAAAAAAAABABFbpQAAAAAAAAAAouW0es76ni00+7MC4/2jTL8/O/jIQN85akwq2gpF16EAAAAABfWeNAADS88AAACrAAAAAAAAAAAAAAAAAAAAAAEAAAAAAAAAAAAAAAAAAAAAAAABAAAABAAAAAMAEVuNAAAAAAAAAABLd99s/aY/qRUrgjk6THnEovnLnqnS5HrfulssNeHWrAAAABiIqR0MAANLkwAAAAEAAAAAAAAAAAAAAAAAAAAAAQAAAAAAAAAAAAAAAAAAAAAAAAEAEVulAAAAAAAAAABLd99s/aY/qRUrgjk6THnEovnLnqnS5HrfulssNeHWrAAAABiJQbOMAANLkwAAAAEAAAAAAAAAAAAAAAAAAAAAAQAAAAAAAAAAAAAAAAAAAAAAAAMAEVuNAAAAAAAAAACGvOPidZMfElREjF54soYzY+QVvuzxwMlXx6D0WAcagQAAABX0ALQAAANLWQAAAAAAAAAAAAAAAAAAAAAAAAAAAQAAAAAAAAAAAAAAAAAAAAAAAAEAEVulAAAAAAAAAACGvOPidZMfElREjF54soYzY+QVvuzxwMlXx6D0WAcagQAAABXzaB2AAANLWQAAAAAAAAAAAAAAAAAAAAAAAAAAAQAAAAAAAAAAAAAAAAAAAA=="
        }
    http_version: 
  recorded_at: Tue, 11 Dec 2018 12:46:37 GMT

recorded_with: VCR 4.0.0
